2026-03-18 15:33:57 [info] : [Platform Server] Creating platform platform  output stream finished - platform. 
2026-03-18 15:40:11 [info] : [Platform Server] Generate platform output stream finished - platform. 
2026-03-18 15:40:22 [info] : [Build Server] Build output stream finished - xuartps_hello_world_example::. 
2026-03-18 15:56:48 [info] : [Platform Server] Generate platform output stream finished - platform. 
2026-03-18 15:57:00 [info] : [Build Server] Build output stream finished - lab_2::. 
2026-03-18 15:57:40 [info] : [Debug Manager] Successfully verified the target connection used  Local 
2026-03-18 15:57:40 [info] : [Debug Manager] Starting launch in 'run' mode using configuration: {"type":"tcf-debug","request":"launch","name":"lab_2_app_hw_1","debugType":"baremetal-zu","attachToRunningTargetOptions":{"targetSetupMode":"standalone","executeScript":true,"scriptPath":""},"autoAttachProcessChildren":false,"target":{"targetConnectionId":"Local","peersIniPath":"../../_ide/.peers.ini","context":"ZUPlus"},"pathMap":[],"targetSetup":{"resetSystem":true,"programDevice":true,"partialBitstream":false,"skipRevisionCheck":false,"device":{"plDevice":"Auto Detect","psDevice":"Auto Detect"},"enableRPUSplitMode":false,"resetAPU":false,"resetRPU":false,"bitstreamFile":"${workspaceFolder}\\lab_2\\_ide\\bitstream\\lab2.bit","zuInitialization":{"isFsbl":true,"usingFSBL":{"initWithFSBL":true,"fsblFile":"${workspaceFolder}\\platform\\export\\platform\\sw\\boot\\fsbl.elf","fsblExitSymbol":"XFsbl_Exit"},"usingPsuInit":{"runPsuInit":true,"plPowerup":true,"psuInitTclFile":"${workspaceFolder}\\lab_2\\_ide\\psinit\\psu_init.tcl"}},"zuTraceOptions":{"isSelected":false,"scratchAddress":"0x60000","scratchSize":"0x60000","traceOutputPath":""},"downloadElf":[{"core":"psu_cortexa53_0","resetProcessor":true,"elfFile":"${workspaceFolder}\\lab_2\\build\\lab_2.elf","stopAtEntry":false,"isSelfRelocatingApp":false,"relativeAddress":""}],"crossTriggerBreakpoints":{"isSelected":false,"breakpoints":[]}},"internalConsoleOptions":"openOnSessionStart","__configUri":"file:///c%3A/Users/dkhar/OneDrive/Documents/GitHub/ee4218/lab_2/_ide/launch.json"} 
2026-03-18 15:57:41 [info] : [Debug Manager] Disabling breakpoints in the tool to enable run mode for 'lab_2_app_hw_1 [lab_2]'. 
2026-03-18 15:57:43 [info] : [Debug Manager] Launch session has started on the configuration 'lab_2_app_hw_1 [lab_2]' 
2026-03-18 15:58:19 [info] : [Debug Manager] Launch session has terminated on the configuration 'lab_2_app_hw_1 [lab_2]' 
2026-03-18 15:58:19 [info] : [Debug Manager] Enabling breakpoints after running the application using 'lab_2_app_hw_1 [lab_2]'. 
2026-03-18 16:12:39 [info] : [Platform Server] Generate platform output stream finished - platform. 
2026-03-18 16:12:45 [info] : [Build Server] Build output stream finished - lab_2::. 
2026-03-18 16:20:04 [info] : [Debug Manager] Successfully verified the target connection used  Local 
2026-03-18 16:20:04 [info] : [Debug Manager] Starting launch in 'run' mode using configuration: {"type":"tcf-debug","request":"launch","name":"lab_2_app_hw_1","debugType":"baremetal-zu","attachToRunningTargetOptions":{"targetSetupMode":"standalone","executeScript":true,"scriptPath":""},"autoAttachProcessChildren":false,"target":{"targetConnectionId":"Local","peersIniPath":"../../_ide/.peers.ini","context":"ZUPlus"},"pathMap":[],"targetSetup":{"resetSystem":true,"programDevice":true,"partialBitstream":false,"skipRevisionCheck":false,"device":{"plDevice":"Auto Detect","psDevice":"Auto Detect"},"enableRPUSplitMode":false,"resetAPU":false,"resetRPU":false,"bitstreamFile":"${workspaceFolder}\\lab_2\\_ide\\bitstream\\lab2.bit","zuInitialization":{"isFsbl":true,"usingFSBL":{"initWithFSBL":true,"fsblFile":"${workspaceFolder}\\platform\\export\\platform\\sw\\boot\\fsbl.elf","fsblExitSymbol":"XFsbl_Exit"},"usingPsuInit":{"runPsuInit":true,"plPowerup":true,"psuInitTclFile":"${workspaceFolder}\\lab_2\\_ide\\psinit\\psu_init.tcl"}},"zuTraceOptions":{"isSelected":false,"scratchAddress":"0x60000","scratchSize":"0x60000","traceOutputPath":""},"downloadElf":[{"core":"psu_cortexa53_0","resetProcessor":true,"elfFile":"${workspaceFolder}\\lab_2\\build\\lab_2.elf","stopAtEntry":false,"isSelfRelocatingApp":false,"relativeAddress":""}],"crossTriggerBreakpoints":{"isSelected":false,"breakpoints":[]}},"internalConsoleOptions":"openOnSessionStart","__configUri":"file:///c%3A/Users/dkhar/OneDrive/Documents/GitHub/ee4218/lab_2/_ide/launch.json"} 
2026-03-18 16:20:05 [info] : [Debug Manager] Disabling breakpoints in the tool to enable run mode for 'lab_2_app_hw_1 [lab_2]'. 
2026-03-18 16:20:06 [info] : [Debug Manager] Launch session has started on the configuration 'lab_2_app_hw_1 [lab_2]' 
2026-03-18 16:32:51 [info] : [Platform Server] Updating lab3_fifo XSA for platform platform output stream finished - platform. 
2026-03-18 16:34:07 [info] : [Platform Server] Generate platform output stream finished - platform. 
2026-03-18 16:36:03 [info] : [Platform Server] Generate platform output stream finished - platform. 
